// Jest Snapshot v1, https://goo.gl/fbAQLP

exports[`Parser should parse a scenario outline 1`] = `
Object {
  "annotations": Array [],
  "name": Object {
    "location": Object {
      "column": 9,
      "line": 1,
      "offset": 8,
    },
    "value": "foo",
  },
  "scenarios": Array [
    Object {
      "annotations": Array [],
      "name": Object {
        "location": Object {
          "column": 20,
          "line": 2,
          "offset": 32,
        },
        "value": "this is a scenario outline",
      },
      "rules": Array [
        Object {
          "location": Object {
            "column": 10,
            "line": 3,
            "offset": 69,
          },
          "value": "that I have abc",
        },
        Object {
          "location": Object {
            "column": 9,
            "line": 4,
            "offset": 98,
          },
          "value": "I 123",
        },
        Object {
          "location": Object {
            "column": 9,
            "line": 5,
            "offset": 116,
          },
          "value": "I -Â£*%",
        },
      ],
    },
  ],
}
`;

exports[`Parser should parse a scenario with annotations 1`] = `
Object {
  "annotations": Array [
    "annotation1",
  ],
  "name": Object {
    "location": Object {
      "column": 9,
      "line": 2,
      "offset": 21,
    },
    "value": "foo",
  },
  "scenarios": Array [
    Object {
      "annotations": Array [
        "annotation2",
        "annotation3",
      ],
      "name": Object {
        "location": Object {
          "column": 12,
          "line": 5,
          "offset": 67,
        },
        "value": "this is a test",
      },
      "rules": Array [
        Object {
          "location": Object {
            "column": 6,
            "line": 6,
            "offset": 88,
          },
          "table": Array [],
          "value": "a thing",
        },
      ],
    },
  ],
}
`;

exports[`Parser should parse a scenario with data tables 1`] = `
Object {
  "annotations": Array [],
  "name": Object {
    "location": Object {
      "column": 9,
      "line": 1,
      "offset": 8,
    },
    "value": "data tables",
  },
  "scenarios": Array [
    Object {
      "annotations": Array [],
      "name": Object {
        "location": Object {
          "column": 12,
          "line": 2,
          "offset": 32,
        },
        "value": "data table",
      },
      "rules": Array [
        Object {
          "location": Object {
            "column": 10,
            "line": 3,
            "offset": 53,
          },
          "table": Array [
            Array [
              "datum1",
              "datum2",
            ],
            Array [
              "datum3",
              "datum4",
            ],
          ],
          "value": "I have data",
        },
      ],
    },
  ],
}
`;

exports[`Parser should parse a standard scenario 1`] = `
Object {
  "annotations": Array [],
  "name": Object {
    "location": Object {
      "column": 9,
      "line": 2,
      "offset": 30,
    },
    "value": "foo",
  },
  "scenarios": Array [
    Object {
      "annotations": Array [],
      "name": Object {
        "location": Object {
          "column": 12,
          "line": 8,
          "offset": 117,
        },
        "value": "this is a test",
      },
      "rules": Array [
        Object {
          "location": Object {
            "column": 10,
            "line": 9,
            "offset": 142,
          },
          "table": Array [],
          "value": "that I am testing",
        },
        Object {
          "location": Object {
            "column": 8,
            "line": 10,
            "offset": 168,
          },
          "table": Array [],
          "value": "I am still testing",
        },
        Object {
          "location": Object {
            "column": 9,
            "line": 11,
            "offset": 196,
          },
          "table": Array [],
          "value": "I test",
        },
        Object {
          "location": Object {
            "column": 8,
            "line": 12,
            "offset": 211,
          },
          "table": Array [],
          "value": "continue testing",
        },
        Object {
          "location": Object {
            "column": 9,
            "line": 13,
            "offset": 237,
          },
          "table": Array [],
          "value": "I want to test",
        },
        Object {
          "location": Object {
            "column": 8,
            "line": 14,
            "offset": 260,
          },
          "table": Array [],
          "value": "test",
        },
      ],
    },
  ],
}
`;
